(program (lexical_declaration (variable_declarator (identifier) (arrow_function (formal_parameters (identifier)) (statement_block (lexical_declaration (variable_declarator (identifier) (await_expression (call_expression (identifier) (arguments (identifier)))))) (return_statement (call_expression (member_expression (identifier) (property_identifier)) (arguments))))))))
