(program (lexical_declaration (variable_declarator name: (identifier) value: (arrow_function parameters: (formal_parameters (identifier)) body: (statement_block (lexical_declaration (variable_declarator name: (identifier) value: (await_expression (call_expression function: (identifier) arguments: (arguments (identifier)))))) (return_statement (call_expression function: (member_expression object: (identifier) property: (property_identifier)) arguments: (arguments))))))))
