(program (variable_declaration (variable_declarator name: (identifier) value: (binary_expression left: (number) right: (number)))) (variable_declaration (variable_declarator name: (identifier) value: (regex pattern: (regex_pattern) flags: (regex_flags)))) (variable_declaration (variable_declarator name: (identifier) value: (binary_expression left: (identifier) right: (member_expression object: (identifier) property: (property_identifier))))))
