(source_file (expression_statement (assignment_expression left: (variable_declaration variable: (array (varname))) right: (list_expression (interpolated_string_literal content: (string_content)) (interpolated_string_literal content: (string_content)) (interpolated_string_literal content: (string_content))))) (expression_statement (assignment_expression left: (variable_declaration variable: (hash (varname))) right: (list_expression (interpolated_string_literal content: (string_content)) (number) (interpolated_string_literal content: (string_content)) (number)))) (expression_statement (ambiguous_function_call_expression function: (function) arguments: (hash_element_expression hash: (container_variable (varname)) key: (interpolated_string_literal content: (string_content))))))
