(source_file (expression_statement (assignment_expression (variable_declaration (array (varname))) (list_expression (interpolated_string_literal (string_content)) (interpolated_string_literal (string_content)) (interpolated_string_literal (string_content))))) (expression_statement (assignment_expression (variable_declaration (hash (varname))) (list_expression (interpolated_string_literal (string_content)) (number) (interpolated_string_literal (string_content)) (number)))) (expression_statement (ambiguous_function_call_expression (function) (hash_element_expression (container_variable (varname)) (interpolated_string_literal (string_content))))))
