(source_file (expression_statement (assignment_expression left: (variable_declaration variable: (scalar (varname))) right: (interpolated_string_literal content: (string_content)))) (conditional_statement condition: (binary_expression left: (scalar (varname)) right: (match_regexp content: (regexp_content))) block: (block (expression_statement (ambiguous_function_call_expression function: (function) arguments: (interpolated_string_literal content: (string_content (escape_sequence))))))))
