(source_file (expression_statement (assignment_expression (variable_declaration (scalar (varname))) (interpolated_string_literal (string_content)))) (conditional_statement (binary_expression (scalar (varname)) (match_regexp (regexp_content))) (block (expression_statement (ambiguous_function_call_expression (function) (interpolated_string_literal (string_content (escape_sequence))))))))
