(source_file (subroutine_declaration_statement name: (bareword) body: (block (expression_statement (assignment_expression left: (variable_declaration variables: (scalar (varname))) right: (array (varname)))) (expression_statement (return_expression (interpolated_string_literal content: (string_content (scalar (varname)))))))) (expression_statement (assignment_expression left: (variable_declaration variable: (scalar (varname))) right: (function_call_expression function: (function) arguments: (interpolated_string_literal content: (string_content))))) (expression_statement (ambiguous_function_call_expression function: (function) arguments: (scalar (varname)))))
