(source_file (subroutine_declaration_statement (bareword) (block (expression_statement (assignment_expression (variable_declaration (scalar (varname))) (array (varname)))) (expression_statement (return_expression (interpolated_string_literal (string_content (scalar (varname)))))))) (expression_statement (assignment_expression (variable_declaration (scalar (varname))) (function_call_expression (function) (interpolated_string_literal (string_content))))) (expression_statement (ambiguous_function_call_expression (function) (scalar (varname)))))
