(program (class_declaration (modifiers) name: (identifier) type_parameters: (type_parameters (type_parameter (type_identifier))) body: (class_body (field_declaration (modifiers) type: (type_identifier) declarator: (variable_declarator name: (identifier))) (method_declaration (modifiers) type: (type_identifier) name: (identifier) parameters: (formal_parameters) body: (block (return_statement (identifier)))) (method_declaration (modifiers) type: (void_type) name: (identifier) parameters: (formal_parameters (formal_parameter type: (type_identifier) name: (identifier))) body: (block (expression_statement (assignment_expression left: (field_access object: (this) field: (identifier)) right: (identifier))))))))
