(program (interface_declaration (modifiers) (identifier) (interface_body (method_declaration (type_identifier) (identifier) (formal_parameters (formal_parameter (type_identifier) (identifier)))) (method_declaration (modifiers) (type_identifier) (identifier) (formal_parameters) (block (return_statement (string_literal (string_fragment))))))))
