(program (interface_declaration (modifiers) name: (identifier) body: (interface_body (method_declaration type: (type_identifier) name: (identifier) parameters: (formal_parameters (formal_parameter type: (type_identifier) name: (identifier)))) (method_declaration (modifiers) type: (type_identifier) name: (identifier) parameters: (formal_parameters) body: (block (return_statement (string_literal (string_fragment))))))))
