(program (class_declaration (identifier) (class_body (method_declaration (void_type) (identifier) (formal_parameters) (block (try_statement (block (local_variable_declaration (integral_type) (variable_declarator (identifier) (binary_expression (decimal_integer_literal) (decimal_integer_literal))))) (catch_clause (catch_formal_parameter (catch_type (type_identifier)) (identifier)) (block (expression_statement (method_invocation (field_access (identifier) (identifier)) (identifier) (argument_list (identifier)))))) (finally_clause (block (expression_statement (method_invocation (field_access (identifier) (identifier)) (identifier) (argument_list (string_literal (string_fragment)))))))))))))
