(chunk (function_declaration name: (identifier) parameters: (parameters) body: (block local_declaration: (variable_declaration (assignment_statement (variable_list name: (identifier)) (expression_list value: (number)))) (return_statement (expression_list (function_definition parameters: (parameters) body: (block (assignment_statement (variable_list name: (identifier)) (expression_list value: (binary_expression left: (identifier) right: (number)))) (return_statement (expression_list (identifier))))))))) local_declaration: (variable_declaration (assignment_statement (variable_list name: (identifier)) (expression_list value: (function_call name: (identifier) arguments: (arguments))))) (function_call name: (identifier) arguments: (arguments (function_call name: (identifier) arguments: (arguments)))))
