(chunk (function_declaration (identifier) (parameters) (block (variable_declaration (assignment_statement (variable_list (identifier)) (expression_list (number)))) (return_statement (expression_list (function_definition (parameters) (block (assignment_statement (variable_list (identifier)) (expression_list (binary_expression (identifier) (number)))) (return_statement (expression_list (identifier))))))))) (variable_declaration (assignment_statement (variable_list (identifier)) (expression_list (function_call (identifier) (arguments))))) (function_call (identifier) (arguments (function_call (identifier) (arguments)))))
