(chunk local_declaration: (variable_declaration (assignment_statement (variable_list name: (identifier)) (expression_list value: (string content: (string_content))))) local_declaration: (variable_declaration (assignment_statement (variable_list name: (identifier)) (expression_list value: (string content: (string_content))))) local_declaration: (variable_declaration (assignment_statement (variable_list name: (identifier)) (expression_list value: (binary_expression left: (identifier) right: (binary_expression left: (string content: (string_content)) right: (identifier)))))) (function_call name: (identifier) arguments: (arguments (identifier))))
