(chunk (variable_declaration (assignment_statement (variable_list (identifier)) (expression_list (string (string_content))))) (variable_declaration (assignment_statement (variable_list (identifier)) (expression_list (string (string_content))))) (variable_declaration (assignment_statement (variable_list (identifier)) (expression_list (binary_expression (identifier) (binary_expression (string (string_content)) (identifier)))))) (function_call (identifier) (arguments (identifier))))
