(chunk local_declaration: (variable_declaration (assignment_statement (variable_list name: (identifier)) (expression_list value: (table_constructor (field name: (identifier) value: (string content: (string_content))) (field name: (identifier) value: (number)) (field name: (number) value: (string content: (string_content))))))) (for_statement clause: (for_generic_clause (variable_list name: (identifier) name: (identifier)) (expression_list (function_call name: (identifier) arguments: (arguments (identifier))))) body: (block (function_call name: (identifier) arguments: (arguments (identifier) (identifier))))))
