(chunk (variable_declaration (assignment_statement (variable_list (identifier)) (expression_list (table_constructor (field (identifier) (string (string_content))) (field (identifier) (number)) (field (number) (string (string_content))))))) (for_statement (for_generic_clause (variable_list (identifier) (identifier)) (expression_list (function_call (identifier) (arguments (identifier))))) (block (function_call (identifier) (arguments (identifier) (identifier))))))
