(program (if_statement condition: (test_command (unary_expression operator: (test_operator) (string (string_content)))) (command name: (command_name (word)) argument: (string (string_content))) (elif_clause (test_command (unary_expression operator: (test_operator) (string (string_content)))) (command name: (command_name (word)) argument: (string (string_content))))) (case_statement value: (string (simple_expansion (variable_name))) (case_item value: (word) (command name: (command_name (word)) argument: (string (string_content)))) (case_item value: (word) (command name: (command_name (word)) argument: (string (string_content))))))
