(program (if_statement (test_command (unary_expression (test_operator) (string (string_content)))) (command (command_name (word)) (string (string_content))) (elif_clause (test_command (unary_expression (test_operator) (string (string_content)))) (command (command_name (word)) (string (string_content))))) (case_statement (string (simple_expansion (variable_name))) (case_item (word) (command (command_name (word)) (string (string_content)))) (case_item (word) (command (command_name (word)) (string (string_content))))))
