(program (variable_assignment (variable_name) (string (string_content))) (command (command_name (word)) (string (string_content) (expansion (variable_name)) (string_content))) (command (command_name (word)) (string (simple_expansion (variable_name)))) (variable_assignment (variable_name) (array (word) (word) (word))) (command (command_name (word)) (string (expansion (subscript (variable_name) (number))))))
