(program (variable_assignment name: (variable_name) value: (string (string_content))) (command name: (command_name (word)) argument: (string (string_content) (expansion (variable_name)) (string_content))) (command name: (command_name (word)) argument: (string (simple_expansion (variable_name)))) (variable_assignment name: (variable_name) value: (array (word) (word) (word))) (command name: (command_name (word)) argument: (string (expansion (subscript name: (variable_name) index: (number))))))
