(program (call (array (integer) (integer) (integer)) (identifier) (do_block (block_parameters (identifier)) (body_statement (call (identifier) (argument_list (identifier)))))) (assignment (identifier) (lambda (lambda_parameters (identifier)) (block (block_body (binary (identifier) (identifier)))))) (call (identifier) (argument_list (call (identifier) (identifier) (argument_list (integer))))))
