(program (call receiver: (array (integer) (integer) (integer)) method: (identifier) block: (do_block parameters: (block_parameters (identifier)) body: (body_statement (call method: (identifier) arguments: (argument_list (identifier)))))) (assignment left: (identifier) right: (lambda parameters: (lambda_parameters (identifier)) body: (block body: (block_body (binary left: (identifier) right: (identifier)))))) (call method: (identifier) arguments: (argument_list (call receiver: (identifier) method: (identifier) arguments: (argument_list (integer))))))
