(program (module name: (constant) body: (body_statement (method name: (identifier) body: (body_statement (string (string_content)))))) (class name: (constant) body: (body_statement (call method: (identifier) arguments: (argument_list (constant))) (method name: (identifier) parameters: (method_parameters (identifier)) body: (body_statement (assignment left: (instance_variable) right: (identifier)))))))
