(translation_unit (class_specifier (type_identifier) (field_declaration_list (access_specifier) (field_declaration (primitive_type) (function_declarator (field_identifier) (parameter_list) (type_qualifier)) (number_literal)) (function_definition (function_declarator (destructor_name (identifier)) (parameter_list)) (default_method_clause)))) (class_specifier (type_identifier) (base_class_clause (access_specifier) (type_identifier)) (field_declaration_list (access_specifier) (function_definition (primitive_type) (function_declarator (field_identifier) (parameter_list) (type_qualifier) (virtual_specifier)) (compound_statement (expression_statement (binary_expression (qualified_identifier (namespace_identifier) (identifier)) (string_literal (string_content)))))))))
