(translation_unit (class_specifier name: (type_identifier) body: (field_declaration_list (access_specifier) (field_declaration type: (primitive_type) declarator: (function_declarator declarator: (field_identifier) parameters: (parameter_list) (type_qualifier)) default_value: (number_literal)) (function_definition declarator: (function_declarator declarator: (destructor_name (identifier)) parameters: (parameter_list)) (default_method_clause)))) (class_specifier name: (type_identifier) (base_class_clause (access_specifier) (type_identifier)) body: (field_declaration_list (access_specifier) (function_definition type: (primitive_type) declarator: (function_declarator declarator: (field_identifier) parameters: (parameter_list) (type_qualifier) (virtual_specifier)) body: (compound_statement (expression_statement (binary_expression left: (qualified_identifier scope: (namespace_identifier) name: (identifier)) right: (string_literal (string_content)))))))))
