(translation_unit (function_definition (primitive_type) (function_declarator (identifier) (parameter_list)) (compound_statement (declaration (placeholder_type_specifier (auto)) (init_declarator (identifier) (lambda_expression (lambda_capture_specifier (lambda_default_capture)) (abstract_function_declarator (parameter_list (parameter_declaration (primitive_type) (identifier))) (trailing_return_type (type_descriptor (primitive_type)))) (compound_statement (return_statement (binary_expression (identifier) (number_literal))))))) (declaration (primitive_type) (init_declarator (identifier) (call_expression (identifier) (argument_list (number_literal))))) (return_statement (number_literal)))))
