(translation_unit (function_definition type: (primitive_type) declarator: (function_declarator declarator: (identifier) parameters: (parameter_list)) body: (compound_statement (declaration type: (placeholder_type_specifier (auto)) declarator: (init_declarator declarator: (identifier) value: (lambda_expression captures: (lambda_capture_specifier (lambda_default_capture)) declarator: (abstract_function_declarator parameters: (parameter_list (parameter_declaration type: (primitive_type) declarator: (identifier))) (trailing_return_type (type_descriptor type: (primitive_type)))) body: (compound_statement (return_statement (binary_expression left: (identifier) right: (number_literal))))))) (declaration type: (primitive_type) declarator: (init_declarator declarator: (identifier) value: (call_expression function: (identifier) arguments: (argument_list (number_literal))))) (return_statement (number_literal)))))
