(translation_unit (template_declaration (template_parameter_list (type_parameter_declaration (type_identifier))) (function_definition (type_identifier) (function_declarator (identifier) (parameter_list (parameter_declaration (type_identifier) (identifier)) (parameter_declaration (type_identifier) (identifier)))) (compound_statement (return_statement (binary_expression (identifier) (identifier)))))) (function_definition (primitive_type) (function_declarator (identifier) (parameter_list)) (compound_statement (declaration (primitive_type) (init_declarator (identifier) (call_expression (template_function (identifier) (template_argument_list (type_descriptor (primitive_type)))) (argument_list (number_literal) (number_literal))))) (return_statement (number_literal)))))
