(stylesheet (rule_set (selectors (pseudo_class_selector (class_name (identifier)))) (block (declaration (property_name) (color_value)) (declaration (property_name) (integer_value (unit))))) (rule_set (selectors (class_selector (class_name (identifier)))) (block (declaration (property_name) (call_expression (function_name) (arguments (plain_value)))) (declaration (property_name) (call_expression (function_name) (arguments (plain_value)))))))
