(stylesheet (rule_set (selectors (tag_name)) (block (declaration (property_name) (plain_value)) (declaration (property_name) (integer_value (unit))))) (rule_set (selectors (child_selector (class_selector (class_name (identifier))) (class_selector (class_name (identifier))))) (block (declaration (property_name) (plain_value)))) (rule_set (selectors (pseudo_class_selector (id_selector (id_name)) (class_name (identifier)))) (block (declaration (property_name) (plain_value)))))
