(source_file (package_clause (package_identifier)) (function_declaration name: (identifier) parameters: (parameter_list) body: (block (statement_list (for_statement (for_clause initializer: (short_var_declaration left: (expression_list (identifier)) right: (expression_list (int_literal))) condition: (binary_expression left: (identifier) right: (int_literal)) update: (inc_statement (identifier))) body: (block (statement_list (assignment_statement left: (expression_list (identifier)) right: (expression_list (identifier))))))))))
