(source_file (package_clause (package_identifier)) (function_declaration name: (identifier) parameters: (parameter_list) body: (block (statement_list (short_var_declaration left: (expression_list (identifier)) right: (expression_list (call_expression function: (identifier) arguments: (argument_list (channel_type value: (type_identifier)) (int_literal))))) (go_statement (call_expression function: (func_literal parameters: (parameter_list) body: (block (statement_list (send_statement channel: (identifier) value: (int_literal))))) arguments: (argument_list))) (short_var_declaration left: (expression_list (identifier)) right: (expression_list (unary_expression operand: (identifier)))) (assignment_statement left: (expression_list (identifier)) right: (expression_list (identifier)))))))
