(source_file (package_clause (package_identifier)) (type_declaration (type_spec name: (type_identifier) type: (interface_type (method_elem name: (field_identifier) parameters: (parameter_list) result: (type_identifier))))) (function_declaration name: (identifier) parameters: (parameter_list (parameter_declaration name: (identifier) type: (interface_type))) result: (type_identifier) body: (block (statement_list (type_switch_statement alias: (expression_list (identifier)) value: (identifier) (type_case type: (type_identifier) (statement_list (return_statement (expression_list (interpreted_string_literal (interpreted_string_literal_content)))))) (type_case type: (type_identifier) (statement_list (return_statement (expression_list (identifier))))) (default_case (statement_list (return_statement (expression_list (interpreted_string_literal (interpreted_string_literal_content)))))))))))
