(source_file (package_clause (package_identifier)) (var_declaration (var_spec (identifier) (expression_list (composite_literal (map_type (type_identifier) (type_identifier)) (literal_value (keyed_element (literal_element (interpreted_string_literal (interpreted_string_literal_content))) (literal_element (int_literal))) (keyed_element (literal_element (interpreted_string_literal (interpreted_string_literal_content))) (literal_element (int_literal)))))))))
