(source_file (package_clause (package_identifier)) (var_declaration (var_spec name: (identifier) value: (expression_list (composite_literal type: (map_type key: (type_identifier) value: (type_identifier)) body: (literal_value (keyed_element key: (literal_element (interpreted_string_literal (interpreted_string_literal_content))) value: (literal_element (int_literal))) (keyed_element key: (literal_element (interpreted_string_literal (interpreted_string_literal_content))) value: (literal_element (int_literal)))))))))
