(program (enum_declaration name: (identifier) body: (enum_body (enum_assignment name: (property_identifier) value: (string (string_fragment))) (enum_assignment name: (property_identifier) value: (string (string_fragment))))) (function_declaration name: (identifier) type_parameters: (type_parameters (type_parameter name: (type_identifier))) parameters: (formal_parameters (required_parameter pattern: (identifier) type: (type_annotation (type_identifier)))) return_type: (type_annotation (type_identifier)) body: (statement_block (return_statement (identifier)))) (lexical_declaration (variable_declarator name: (identifier) type: (type_annotation (predefined_type)) value: (binary_expression left: (binary_expression left: (identifier) right: (identifier)) right: (parenthesized_expression (number))))))
