(program (enum_declaration (identifier) (enum_body (enum_assignment (property_identifier) (string (string_fragment))) (enum_assignment (property_identifier) (string (string_fragment))))) (function_declaration (identifier) (type_parameters (type_parameter (type_identifier))) (formal_parameters (required_parameter (identifier) (type_annotation (type_identifier)))) (type_annotation (type_identifier)) (statement_block (return_statement (identifier)))) (lexical_declaration (variable_declarator (identifier) (type_annotation (predefined_type)) (call_expression (identifier) (type_arguments (predefined_type)) (arguments (number))))))
