(program (interface_declaration name: (type_identifier) body: (interface_body (property_signature name: (property_identifier) type: (type_annotation (predefined_type))) (property_signature name: (property_identifier) type: (type_annotation (predefined_type))))) (lexical_declaration (variable_declarator name: (identifier) type: (type_annotation (predefined_type)) value: (object (pair key: (property_identifier) value: (string (string_fragment))) (pair key: (property_identifier) value: (number))))) (lexical_declaration (variable_declarator name: (identifier) value: (as_expression (identifier) (type_identifier)))) (lexical_declaration (variable_declarator name: (identifier) type: (type_annotation (predefined_type)) value: (member_expression object: (identifier) property: (property_identifier)))))
