(program (interface_declaration (type_identifier) (interface_body (property_signature (property_identifier) (type_annotation (predefined_type))) (property_signature (property_identifier) (type_annotation (predefined_type))))) (lexical_declaration (variable_declarator (identifier) (type_annotation (predefined_type)) (object (pair (property_identifier) (string (string_fragment))) (pair (property_identifier) (number))))) (lexical_declaration (variable_declarator (identifier) (as_expression (identifier) (type_identifier)))) (lexical_declaration (variable_declarator (identifier) (type_annotation (predefined_type)) (member_expression (identifier) (property_identifier)))))
