(translation_unit (function_definition (primitive_type) (function_declarator (identifier) (parameter_list (parameter_declaration (primitive_type) (identifier)) (parameter_declaration (primitive_type) (identifier)))) (compound_statement (return_statement (binary_expression (identifier) (identifier))))) (function_definition (primitive_type) (function_declarator (identifier) (parameter_list)) (compound_statement (declaration (primitive_type) (init_declarator (function_declarator (parenthesized_declarator (pointer_declarator (identifier))) (parameter_list (parameter_declaration (primitive_type)) (parameter_declaration (primitive_type)))) (identifier))) (declaration (primitive_type) (init_declarator (identifier) (call_expression (identifier) (argument_list (number_literal) (number_literal))))) (return_statement (number_literal)))))
