(source_file (function_item (identifier) (type_parameters (lifetime_parameter (lifetime (identifier)))) (parameters (parameter (identifier) (reference_type (lifetime (identifier)) (primitive_type))) (parameter (identifier) (reference_type (lifetime (identifier)) (primitive_type)))) (reference_type (lifetime (identifier)) (primitive_type)) (block (expression_statement (if_expression (binary_expression (call_expression (field_expression (identifier) (field_identifier)) (arguments)) (call_expression (field_expression (identifier) (field_identifier)) (arguments))) (block (identifier)) (else_clause (block (identifier))))))))
