(source_file (function_item name: (identifier) type_parameters: (type_parameters (lifetime_parameter name: (lifetime (identifier)))) parameters: (parameters (parameter pattern: (identifier) type: (reference_type (lifetime (identifier)) type: (primitive_type))) (parameter pattern: (identifier) type: (reference_type (lifetime (identifier)) type: (primitive_type)))) return_type: (reference_type (lifetime (identifier)) type: (primitive_type)) body: (block (expression_statement (if_expression condition: (binary_expression left: (call_expression function: (field_expression value: (identifier) field: (field_identifier)) arguments: (arguments)) right: (call_expression function: (field_expression value: (identifier) field: (field_identifier)) arguments: (arguments))) consequence: (block (identifier)) alternative: (else_clause (block (identifier))))))))
