(source_file (struct_item (type_identifier) (field_declaration_list (field_declaration (field_identifier) (primitive_type)) (field_declaration (field_identifier) (primitive_type)))) (impl_item (type_identifier) (declaration_list (function_item (identifier) (parameters (parameter (identifier) (primitive_type)) (parameter (identifier) (primitive_type))) (type_identifier) (block (struct_expression (type_identifier) (field_initializer_list (shorthand_field_initializer (identifier)) (shorthand_field_initializer (identifier)))))))))
