(module (function_definition (identifier) (parameters (identifier)) (block (function_definition (identifier) (parameters (list_splat_pattern (identifier))) (block (return_statement (call (identifier) (argument_list (list_splat (identifier))))))) (return_statement (identifier)))) (decorated_definition (decorator (identifier)) (function_definition (identifier) (parameters (identifier)) (block (expression_statement (call (identifier) (argument_list (identifier))))))))
