(module (function_definition name: (identifier) parameters: (parameters (identifier)) body: (block (function_definition name: (identifier) parameters: (parameters (list_splat_pattern (identifier))) body: (block (return_statement (call function: (identifier) arguments: (argument_list (list_splat (identifier))))))) (return_statement (identifier)))) (decorated_definition (decorator (identifier)) definition: (function_definition name: (identifier) parameters: (parameters (identifier)) body: (block (expression_statement (call function: (identifier) arguments: (argument_list (identifier))))))))
