(module (function_definition (identifier) (parameters) (block (if_statement (true) (block (expression_statement (assignment (identifier) (integer)))) (else_clause (block (expression_statement (assignment (identifier) (integer)))))) (return_statement (identifier)))) (class_definition (identifier) (block (function_definition (identifier) (parameters (identifier)) (block (pass_statement))))))
