(module (function_definition name: (identifier) parameters: (parameters) body: (block (if_statement condition: (true) consequence: (block (expression_statement (assignment left: (identifier) right: (integer)))) alternative: (else_clause body: (block (expression_statement (assignment left: (identifier) right: (integer)))))) (return_statement (identifier)))) (class_definition name: (identifier) body: (block (function_definition name: (identifier) parameters: (parameters (identifier)) body: (block (pass_statement))))))
